// Jest Snapshot v1, https://goo.gl/fbAQLP

exports[`Pruebas en <SearchPage /> Debe de mostrarse correctamente con valores por defecto 1`] = `
<div>
  <h1>
    Search
  </h1>
  <hr />
  <div
    class="row"
  >
    <div
      class="col-12 col-sm-5 animate__animated animate__fadeIn"
    >
      <form
        aria-label="form"
      >
        <input
          autocomplete="off"
          class="form-control "
          name="searchText"
          placeholder="Search Hero"
          type="text"
          value=""
        />
        <button
          class="btn btn-outline-primary mt-2"
        >
          Search
        </button>
      </form>
    </div>
    <div
      class="col-12 col-sm-7 mt-2 mt-sm-0"
    >
      <div
        aria-label="search-hero-text"
        class="alert alert-primary animate__animated animate__fadeIn"
      >
        Search a Hero
      </div>
      <div
        aria-label="no-hero-text"
        class="alert alert-danger animate__animated animate__fadeIn"
        style="display: none;"
      >
        There's no hero with 
        <b />
      </div>
    </div>
  </div>
</div>
`;
